info: Microsoft.Hosting.Lifetime[14]
      Now listening on: https://localhost:7100
info: Microsoft.Hosting.Lifetime[14]
      Now listening on: http://localhost:5100
info: Microsoft.Hosting.Lifetime[0]
      Application started. Press Ctrl+C to shut down.
info: Microsoft.Hosting.Lifetime[0]
      Hosting environment: Production
info: Microsoft.Hosting.Lifetime[0]
      Content root path: C:\Users\sargam\Downloads\SmartBank_Sprint1_FIXED\SmartBank_Sprint1_FIXED - Copy\SmartBank.MVC
info: System.Net.Http.HttpClient.SmartBankAPI.LogicalHandler[100]
      Start processing HTTP request POST https://localhost:7201/api/auth/login
info: System.Net.Http.HttpClient.SmartBankAPI.ClientHandler[100]
      Sending HTTP request POST https://localhost:7201/api/auth/login
info: System.Net.Http.HttpClient.SmartBankAPI.ClientHandler[101]
      Received HTTP response headers after 4280.2684ms - 401
info: System.Net.Http.HttpClient.SmartBankAPI.LogicalHandler[101]
      End processing HTTP request after 4308.8915ms - 401
info: System.Net.Http.HttpClient.SmartBankAPI.LogicalHandler[100]
      Start processing HTTP request POST https://localhost:7201/api/auth/login
info: System.Net.Http.HttpClient.SmartBankAPI.ClientHandler[100]
      Sending HTTP request POST https://localhost:7201/api/auth/login
info: System.Net.Http.HttpClient.SmartBankAPI.ClientHandler[101]
      Received HTTP response headers after 302.4158ms - 401
info: System.Net.Http.HttpClient.SmartBankAPI.LogicalHandler[101]
      End processing HTTP request after 302.9201ms - 401
info: System.Net.Http.HttpClient.SmartBankAPI.LogicalHandler[100]
      Start processing HTTP request POST https://localhost:7201/api/auth/login
info: System.Net.Http.HttpClient.SmartBankAPI.ClientHandler[100]
      Sending HTTP request POST https://localhost:7201/api/auth/login
info: System.Net.Http.HttpClient.SmartBankAPI.ClientHandler[101]
      Received HTTP response headers after 455.2158ms - 401
info: System.Net.Http.HttpClient.SmartBankAPI.LogicalHandler[101]
      End processing HTTP request after 455.9265ms - 401
