info: Microsoft.Hosting.Lifetime[14]
      Now listening on: https://localhost:7100
info: Microsoft.Hosting.Lifetime[14]
      Now listening on: http://localhost:5100
info: Microsoft.Hosting.Lifetime[0]
      Application started. Press Ctrl+C to shut down.
info: Microsoft.Hosting.Lifetime[0]
      Hosting environment: Production
info: Microsoft.Hosting.Lifetime[0]
      Content root path: C:\Users\sargam\Downloads\SmartBank_Sprint1_FIXED\SmartBank_Sprint1_FIXED - Copy\SmartBank.MVC
info: System.Net.Http.HttpClient.SmartBankAPI.LogicalHandler[100]
      Start processing HTTP request POST https://localhost:7201/api/auth/login
info: System.Net.Http.HttpClient.SmartBankAPI.ClientHandler[100]
      Sending HTTP request POST https://localhost:7201/api/auth/login
info: System.Net.Http.HttpClient.SmartBankAPI.ClientHandler[101]
      Received HTTP response headers after 4667.3459ms - 200
info: System.Net.Http.HttpClient.SmartBankAPI.LogicalHandler[101]
      End processing HTTP request after 4731.0364ms - 200
info: System.Net.Http.HttpClient.SmartBankAPI.LogicalHandler[100]
      Start processing HTTP request GET https://localhost:7201/api/profile
info: System.Net.Http.HttpClient.SmartBankAPI.ClientHandler[100]
      Sending HTTP request GET https://localhost:7201/api/profile
info: System.Net.Http.HttpClient.SmartBankAPI.ClientHandler[101]
      Received HTTP response headers after 576.6255ms - 200
info: System.Net.Http.HttpClient.SmartBankAPI.LogicalHandler[101]
      End processing HTTP request after 578.2077ms - 200
info: System.Net.Http.HttpClient.SmartBankAPI.LogicalHandler[100]
      Start processing HTTP request POST https://localhost:7201/api/auth/login
info: System.Net.Http.HttpClient.SmartBankAPI.ClientHandler[100]
      Sending HTTP request POST https://localhost:7201/api/auth/login
info: System.Net.Http.HttpClient.SmartBankAPI.ClientHandler[101]
      Received HTTP response headers after 737.3517ms - 200
info: System.Net.Http.HttpClient.SmartBankAPI.LogicalHandler[101]
      End processing HTTP request after 738.0188ms - 200
info: System.Net.Http.HttpClient.SmartBankAPI.LogicalHandler[100]
      Start processing HTTP request GET https://localhost:7201/api/accounts
info: System.Net.Http.HttpClient.SmartBankAPI.ClientHandler[100]
      Sending HTTP request GET https://localhost:7201/api/accounts
info: System.Net.Http.HttpClient.SmartBankAPI.ClientHandler[101]
      Received HTTP response headers after 3347.9685ms - 200
info: System.Net.Http.HttpClient.SmartBankAPI.LogicalHandler[101]
      End processing HTTP request after 3348.2148ms - 200
info: System.Net.Http.HttpClient.SmartBankAPI.LogicalHandler[100]
      Start processing HTTP request GET https://localhost:7201/api/accounts
info: System.Net.Http.HttpClient.SmartBankAPI.ClientHandler[100]
      Sending HTTP request GET https://localhost:7201/api/accounts
info: System.Net.Http.HttpClient.SmartBankAPI.ClientHandler[101]
      Received HTTP response headers after 25.3337ms - 200
info: System.Net.Http.HttpClient.SmartBankAPI.LogicalHandler[101]
      End processing HTTP request after 25.4777ms - 200
info: System.Net.Http.HttpClient.SmartBankAPI.LogicalHandler[100]
      Start processing HTTP request POST https://localhost:7201/api/auth/register
info: System.Net.Http.HttpClient.SmartBankAPI.ClientHandler[100]
      Sending HTTP request POST https://localhost:7201/api/auth/register
info: System.Net.Http.HttpClient.SmartBankAPI.ClientHandler[101]
      Received HTTP response headers after 2203.2635ms - 201
info: System.Net.Http.HttpClient.SmartBankAPI.LogicalHandler[101]
      End processing HTTP request after 2204.4401ms - 201
info: System.Net.Http.HttpClient.SmartBankAPI.LogicalHandler[100]
      Start processing HTTP request POST https://localhost:7201/api/auth/login
info: System.Net.Http.HttpClient.SmartBankAPI.ClientHandler[100]
      Sending HTTP request POST https://localhost:7201/api/auth/login
info: System.Net.Http.HttpClient.SmartBankAPI.ClientHandler[101]
      Received HTTP response headers after 473.6343ms - 200
info: System.Net.Http.HttpClient.SmartBankAPI.LogicalHandler[101]
      End processing HTTP request after 473.7812ms - 200
info: System.Net.Http.HttpClient.SmartBankAPI.LogicalHandler[100]
      Start processing HTTP request GET https://localhost:7201/api/profile
info: System.Net.Http.HttpClient.SmartBankAPI.ClientHandler[100]
      Sending HTTP request GET https://localhost:7201/api/profile
info: System.Net.Http.HttpClient.SmartBankAPI.ClientHandler[101]
      Received HTTP response headers after 19.4489ms - 200
info: System.Net.Http.HttpClient.SmartBankAPI.LogicalHandler[101]
      End processing HTTP request after 19.5734ms - 200
info: System.Net.Http.HttpClient.SmartBankAPI.LogicalHandler[100]
      Start processing HTTP request GET https://localhost:7201/api/accounts
info: System.Net.Http.HttpClient.SmartBankAPI.ClientHandler[100]
      Sending HTTP request GET https://localhost:7201/api/accounts
info: System.Net.Http.HttpClient.SmartBankAPI.ClientHandler[101]
      Received HTTP response headers after 18.115ms - 200
info: System.Net.Http.HttpClient.SmartBankAPI.LogicalHandler[101]
      End processing HTTP request after 18.8981ms - 200
info: System.Net.Http.HttpClient.SmartBankAPI.LogicalHandler[100]
      Start processing HTTP request POST https://localhost:7201/api/accounts/create
info: System.Net.Http.HttpClient.SmartBankAPI.ClientHandler[100]
      Sending HTTP request POST https://localhost:7201/api/accounts/create
info: System.Net.Http.HttpClient.SmartBankAPI.ClientHandler[101]
      Received HTTP response headers after 174.4124ms - 201
info: System.Net.Http.HttpClient.SmartBankAPI.LogicalHandler[101]
      End processing HTTP request after 174.5605ms - 201
info: System.Net.Http.HttpClient.SmartBankAPI.LogicalHandler[100]
      Start processing HTTP request GET https://localhost:7201/api/accounts
info: System.Net.Http.HttpClient.SmartBankAPI.ClientHandler[100]
      Sending HTTP request GET https://localhost:7201/api/accounts
info: System.Net.Http.HttpClient.SmartBankAPI.ClientHandler[101]
      Received HTTP response headers after 20.6764ms - 200
info: System.Net.Http.HttpClient.SmartBankAPI.LogicalHandler[101]
      End processing HTTP request after 20.819ms - 200
info: System.Net.Http.HttpClient.SmartBankAPI.LogicalHandler[100]
      Start processing HTTP request GET https://localhost:7201/api/accounts
info: System.Net.Http.HttpClient.SmartBankAPI.ClientHandler[100]
      Sending HTTP request GET https://localhost:7201/api/accounts
info: System.Net.Http.HttpClient.SmartBankAPI.ClientHandler[101]
      Received HTTP response headers after 99.7725ms - 200
info: System.Net.Http.HttpClient.SmartBankAPI.LogicalHandler[101]
      End processing HTTP request after 100.5366ms - 200
