info: Microsoft.Hosting.Lifetime[14]
      Now listening on: https://localhost:7100
info: Microsoft.Hosting.Lifetime[14]
      Now listening on: http://localhost:5100
info: Microsoft.Hosting.Lifetime[0]
      Application started. Press Ctrl+C to shut down.
info: Microsoft.Hosting.Lifetime[0]
      Hosting environment: Development
info: Microsoft.Hosting.Lifetime[0]
      Content root path: C:\Users\DELL\Desktop\SmartBankSystem\SmartBank.MVC
info: System.Net.Http.HttpClient.SmartBankAPI.LogicalHandler[100]
      Start processing HTTP request GET https://localhost:7201/api/accounts
info: System.Net.Http.HttpClient.SmartBankAPI.ClientHandler[100]
      Sending HTTP request GET https://localhost:7201/api/accounts
info: System.Net.Http.HttpClient.SmartBankAPI.ClientHandler[101]
      Received HTTP response headers after 1225.0123ms - 200
info: System.Net.Http.HttpClient.SmartBankAPI.LogicalHandler[101]
      End processing HTTP request after 1265.652ms - 200
info: System.Net.Http.HttpClient.SmartBankAPI.LogicalHandler[100]
      Start processing HTTP request GET https://localhost:7201/api/transactions/history?*
info: System.Net.Http.HttpClient.SmartBankAPI.ClientHandler[100]
      Sending HTTP request GET https://localhost:7201/api/transactions/history?*
info: System.Net.Http.HttpClient.SmartBankAPI.ClientHandler[101]
      Received HTTP response headers after 860.8518ms - 200
info: System.Net.Http.HttpClient.SmartBankAPI.LogicalHandler[101]
      End processing HTTP request after 861.1152ms - 200
